MPASM 03.00 Released          STARTUP.ASM   1-21-2002  10:03:15         PAGE  1


LOC  OBJECT CODE     LINE SOURCE TEXT
  VALUE

                      00001 ; ***************************************************************** ;
                      00002 ;        Software License Agreement                                 ;
                      00003 ;                                                                   ;
                      00004 ; The software supplied herewith by Microchip Technology            ;
                      00005 ; Incorporated (the “Company”) for its PICmicro® Microcontroller is ;
                      00006 ; intended and supplied to you, the Company’s customer, for use     ;
                      00007 ; solely and exclusively on Microchip PICmicro Microcontroller      ;
                      00008 ; products. The software is owned by the Company and/or its         ;
                      00009 ; supplier, and is protected under applicable copyright laws. All   ;
                      00010 ; rights are reserved. Any use in violation of the foregoing        ;
                      00011 ; restrictions may subject the user to criminal sanctions under     ;
                      00012 ; applicable laws, as well as to civil liability for the breach of  ;
                      00013 ; the terms and conditions of this license.                         ;
                      00014 ;                                                                   ;
                      00015 ; THIS SOFTWARE IS PROVIDED IN AN “AS IS” CONDITION. NO WARRANTIES, ;
                      00016 ; WHETHER EXPRESS, IMPLIED OR STATUTORY, INCLUDING, BUT NOT LIMITED ;
                      00017 ; TO, IMPLIED WARRANTIES OF MERCHANTABILITY AND FITNESS FOR A       ;
                      00018 ; PARTICULAR PURPOSE APPLY TO THIS SOFTWARE. THE COMPANY SHALL NOT, ;
                      00019 ; IN ANY CIRCUMSTANCES, BE LIABLE FOR SPECIAL, INCIDENTAL OR        ;
                      00020 ; CONSEQUENTIAL DAMAGES, FOR ANY REASON WHATSOEVER.                 ;
                      00021 ;                                                                   ;
                      00022 ;                                                                   ;
                      00023 ; A Simple Task Manager v1.00 by Ross Fosler                        ;
                      00024 ;                                                                   ;
                      00025 ; This is the start-up routine for the task manager.                ;
                      00026 ; ***************************************************************** ;
                      00027 
                      00028 
                      00029 ; *******************************************************************
                      00030         #include <define.inc>
                      00001 ; ***************************************************************** ;
                      00002 ;        Software License Agreement                                 ;
                      00003 ;                                                                   ;
                      00004 ; The software supplied herewith by Microchip Technology            ;
                      00005 ; Incorporated (the “Company”) for its PICmicro® Microcontroller is ;
                      00006 ; intended and supplied to you, the Company’s customer, for use     ;
                      00007 ; solely and exclusively on Microchip PICmicro Microcontroller      ;
                      00008 ; products. The software is owned by the Company and/or its         ;
                      00009 ; supplier, and is protected under applicable copyright laws. All   ;
                      00010 ; rights are reserved. Any use in violation of the foregoing        ;
                      00011 ; restrictions may subject the user to criminal sanctions under     ;
                      00012 ; applicable laws, as well as to civil liability for the breach of  ;
                      00013 ; the terms and conditions of this license.                         ;
                      00014 ;                                                                   ;
                      00015 ; THIS SOFTWARE IS PROVIDED IN AN “AS IS” CONDITION. NO WARRANTIES, ;
                      00016 ; WHETHER EXPRESS, IMPLIED OR STATUTORY, INCLUDING, BUT NOT LIMITED ;
                      00017 ; TO, IMPLIED WARRANTIES OF MERCHANTABILITY AND FITNESS FOR A       ;
                      00018 ; PARTICULAR PURPOSE APPLY TO THIS SOFTWARE. THE COMPANY SHALL NOT, ;
                      00019 ; IN ANY CIRCUMSTANCES, BE LIABLE FOR SPECIAL, INCIDENTAL OR        ;
                      00020 ; CONSEQUENTIAL DAMAGES, FOR ANY REASON WHATSOEVER.                 ;
                      00021 ;                                                                   ;
                      00022 ;                                                                   ;
                      00023 ; A Simple Task Manager v1.00 by Ross Fosler                        ;
MPASM 03.00 Released          STARTUP.ASM   1-21-2002  10:03:15         PAGE  2


LOC  OBJECT CODE     LINE SOURCE TEXT
  VALUE

                      00024 ;                                                                   ;
                      00025 ; This is a definition file used to incorporate tasks and           ;
                      00026 ; priorities at the start of the task manager.                      ;
                      00027 ; ***************************************************************** ;
                      00028 
                      00029 
                      00030 ; *******************************************************************
                      00031 ; The values after corispond to the position in the hardware stack
                      00032 ; used by the tasks.  Position 0 is not valid since it is set to
                      00033 ; always return a 0x0000 (reset).
                      00034 
                      00035 #DEFINE TASK1   0x01
                      00036 #DEFINE TASK2   0x08
                      00037 #DEFINE TASK3   0x10
                      00038 #DEFINE TASK4   0x18
                      00039 ; *******************************************************************
                      00040 
                      00041 
                      00042 ; *******************************************************************
                      00043 ; The following defines the time allotted to the preloaded tasks.  
                      00044 ; The value 0x00 corisponds to a null task; values 0x01 through 0x3F
                      00045 ; set the max allowed time for the task to run before it is 
                      00046 ; interrupted.
                      00047 
                      00048 #DEFINE TASK1_TIME      0x3F
                      00049 #DEFINE TASK2_TIME      0x02
                      00050 #DEFINE TASK3_TIME      0x00
                      00051 #DEFINE TASK4_TIME      0x00
                      00052 ; *******************************************************************
                      00053 
                      00054 
                      00055 ; *******************************************************************
                      00056 ; The following defines the names of the preloaded tasks.  Uncomment 
                      00057 ; or comment these as necessary for preloaded tasks.  There must
                      00058 ; be at least one task to pre-load.
                      00059 
                      00060 #DEFINE TASK1_NAME      Task1
                      00061 #DEFINE TASK2_NAME      Task2
                      00062 ;#DEFINE        TASK3_NAME      Task3Name
                      00063 ;#DEFINE        TASK4_NAME      Task4Name
                      00064 ; *******************************************************************
                      00065 
                      00066 
                      00067 ; *******************************************************************
                      00068 ; This value affects the task time.  Valid range from 0x00 to 0x07.
                      00069 
                      00070 #DEFINE TIMER_PRESCALE  0x04
                      00071 ; *******************************************************************
                      00072 
                      00073 
                      00074 ; *******************************************************************
                      00075 ; Set the name of the interrupt handler.  Comment out if none.
                      00076 
MPASM 03.00 Released          STARTUP.ASM   1-21-2002  10:03:15         PAGE  3


LOC  OBJECT CODE     LINE SOURCE TEXT
  VALUE

                      00077 ;#DEFINE INT_HAND_NAME  InterruptHandler
                      00078 ; *******************************************************************
                      00079 
                      00080 
                      00081 ; *******************************************************************
                      00082 ; Set the name of the setup routine.  Comment out if none.
                      00083 
                      00084 #DEFINE SETUP_NAME      Setup
                      00085 ; *******************************************************************
                      00086 
                      00087 
                      00088 ; *******************************************************************
                      00089 ; Setup the SFRs to be managed by the task manager.  Comment out the 
                      00090 ; registers that are not shared across more than one task.  It is best 
                      00091 ; to comment out as many as possible to reduce memory usage and 
                      00092 ; task manager execution length.
                      00093 
                      00094 #DEFINE SAVE_FSR0H
                      00095 #DEFINE SAVE_FSR0L
                      00096 #DEFINE SAVE_FSR1H
                      00097 #DEFINE SAVE_FSR1L
                      00098 #DEFINE SAVE_FSR2H
                      00099 #DEFINE SAVE_FSR2L
                      00100 #DEFINE SAVE_PRODH
                      00101 #DEFINE SAVE_PRODL
                      00102 #DEFINE SAVE_BSR
                      00103 #DEFINE SAVE_TBLPTRU
                      00104 #DEFINE SAVE_TBLPTRH
                      00105 #DEFINE SAVE_TBLPTRL
                      00106 #DEFINE SAVE_TABLAT
                      00107 ; *******************************************************************
                      00108 
                      00109 
                      00110 ; *******************************************************************
                      00111 ; Setup the specific processor file to use.
                      00112 
                      00113 #DEFINE PROC_INCLUDE    P18C452.INC
                      00114 ; *******************************************************************
                      00115 
                      00116 
                      00117 ; *******************************************************************
                      00118 ; Uncomment if the device has the lfsr bug.
                      00119 
                      00120 #DEFINE LFSR_BUG
                      00121 ; *******************************************************************
                      00122         
                      00031         #include PROC_INCLUDE           ; Processor include file
                      00001         LIST
                      00002 ; P18C452.INC  Standard Header File, Version 0.10   Microchip Technology, Inc.
                      00774         LIST
                      00032         #include <var.inc>
                      00001 ; ***************************************************************** ;
                      00002 ;        Software License Agreement                                 ;
MPASM 03.00 Released          STARTUP.ASM   1-21-2002  10:03:15         PAGE  4


LOC  OBJECT CODE     LINE SOURCE TEXT
  VALUE

                      00003 ;                                                                   ;
                      00004 ; The software supplied herewith by Microchip Technology            ;
                      00005 ; Incorporated (the “Company”) for its PICmicro® Microcontroller is ;
                      00006 ; intended and supplied to you, the Company’s customer, for use     ;
                      00007 ; solely and exclusively on Microchip PICmicro Microcontroller      ;
                      00008 ; products. The software is owned by the Company and/or its         ;
                      00009 ; supplier, and is protected under applicable copyright laws. All   ;
                      00010 ; rights are reserved. Any use in violation of the foregoing        ;
                      00011 ; restrictions may subject the user to criminal sanctions under     ;
                      00012 ; applicable laws, as well as to civil liability for the breach of  ;
                      00013 ; the terms and conditions of this license.                         ;
                      00014 ;                                                                   ;
                      00015 ; THIS SOFTWARE IS PROVIDED IN AN “AS IS” CONDITION. NO WARRANTIES, ;
                      00016 ; WHETHER EXPRESS, IMPLIED OR STATUTORY, INCLUDING, BUT NOT LIMITED ;
                      00017 ; TO, IMPLIED WARRANTIES OF MERCHANTABILITY AND FITNESS FOR A       ;
                      00018 ; PARTICULAR PURPOSE APPLY TO THIS SOFTWARE. THE COMPANY SHALL NOT, ;
                      00019 ; IN ANY CIRCUMSTANCES, BE LIABLE FOR SPECIAL, INCIDENTAL OR        ;
                      00020 ; CONSEQUENTIAL DAMAGES, FOR ANY REASON WHATSOEVER.                 ;
                      00021 ;                                                                   ;
                      00022 ;                                                                   ;
                      00023 ; A Simple Task Manager v1.00 by Ross Fosler                        ;
                      00024 ;                                                                   ;
                      00025 ; Variables used for the task manager.                              ;
                      00026 ; ***************************************************************** ;
                      00027 
                      00028 
                      00029 ; *******************************************************************
  0004                00030         CONSTANT        TABLE_DEPTH = 0x04
                      00031 ; *******************************************************************
                      00032 
                      00033 
                      00034 ; *******************************************************************
  0000                00035         EXTERN  TaskManager
                      00036         
                      00037  IFDEF  TASK1_NAME              ; Include any pre-defined tasks 
  0000                00038         EXTERN  TASK1_NAME
                      00039  ENDIF
                      00040 
                      00041  IFDEF  TASK2_NAME                      
  0000                00042         EXTERN  TASK2_NAME
                      00043  ENDIF
                      00044 
                      00045  IFDEF  TASK3_NAME                      
                      00046         EXTERN  TASK3_NAME
                      00047  ENDIF
                      00048 
                      00049  IFDEF  TASK4_NAME                      
                      00050         EXTERN  TASK4_NAME
                      00051  ENDIF
                      00052 
                      00053  IFDEF  SETUP_NAME
  0000                00054         EXTERN  SETUP_NAME
                      00055  ENDIF
MPASM 03.00 Released          STARTUP.ASM   1-21-2002  10:03:15         PAGE  5


LOC  OBJECT CODE     LINE SOURCE TEXT
  VALUE

                      00056 ; *******************************************************************
                      00057 
                      00058 
                      00059 ; *******************************************************************
                      00060 ACS             udata_acs       
                      00061 ; *******************************************************************
000000                00062 TASK_POINTER    res     1       ; Pointer to running task
000001                00063 TABLE_POINTER   res     1       ; Pointer to data tables
000002                00064 TASK_COUNTER    res     1       ; Number of tasks
                      00065 
  0000                00066         GLOBAL  TASK_POINTER, TABLE_POINTER, TASK_COUNTER
                      00067 
000003                00068 ALT_W0          res     1       ; An alternate WREG
                      00069 
000004                00070 ALT_STATUS      res     1       ; An alternate STATUS
                      00071 
                      00072  IFDEF  SAVE_FSR2L              ; An alternate FSR2L
000005                00073 ALT_FSR2L       res     1
  0000                00074         GLOBAL  ALT_FSR2L
                      00075  ENDIF
                      00076 
                      00077  IFDEF  SAVE_FSR2H              ; An alternate FSR2H
000006                00078 ALT_FSR2H       res     1
  0000                00079         GLOBAL  ALT_FSR2H
                      00080  ENDIF
                      00081 
                      00082 
000007                00083 TASK_COMMAND    res     1       ; Register globaly available to control
                      00084                                 ; tasks
000008                00085 TASK_BUFFER     res     1       ; Buffer to hold a new task
                      00086 
  0000                00087         GLOBAL  TASK_COMMAND, TASK_BUFFER, ALT_W0
  0000                00088         GLOBAL  ALT_STATUS
                      00089 ; *******************************************************************
                      00090 
                      00091 
                      00092 ; *******************************************************************
                      00093 TBL             udata           ; Tables
                      00094 ; *******************************************************************
000000                00095 TASK_TABLE      res TABLE_DEPTH ; Table for holding pointers
000004                00096 BACKUP_WREG     res TABLE_DEPTH
000008                00097 BACKUP_STATUS   res TABLE_DEPTH
00000C                00098 TASK_INFO_TABLE res TABLE_DEPTH ; Task number and priority table
                      00099 
  0000                00100         GLOBAL  TASK_TABLE, TASK_INFO_TABLE
  0000                00101         GLOBAL  BACKUP_WREG, BACKUP_STATUS
                      00102 
                      00103  IFDEF  SAVE_BSR
000010                00104 BACKUP_BSR      res TABLE_DEPTH
  0000                00105         GLOBAL  BACKUP_BSR
                      00106  ENDIF
                      00107 
                      00108  IFDEF  SAVE_FSR0L
MPASM 03.00 Released          STARTUP.ASM   1-21-2002  10:03:15         PAGE  6


LOC  OBJECT CODE     LINE SOURCE TEXT
  VALUE

000014                00109 BACKUP_FSR0L    res TABLE_DEPTH
  0000                00110         GLOBAL  BACKUP_FSR0L    
                      00111  ENDIF
                      00112 
                      00113  IFDEF  SAVE_FSR0H
000018                00114 BACKUP_FSR0H    res TABLE_DEPTH
  0000                00115         GLOBAL  BACKUP_FSR0H
                      00116  ENDIF
                      00117 
                      00118  IFDEF  SAVE_FSR1L
00001C                00119 BACKUP_FSR1L    res TABLE_DEPTH
  0000                00120         GLOBAL  BACKUP_FSR1L
                      00121  ENDIF
                      00122 
                      00123  IFDEF  SAVE_FSR1H
000020                00124 BACKUP_FSR1H    res TABLE_DEPTH
  0000                00125         GLOBAL  BACKUP_FSR1H
                      00126  ENDIF
                      00127 
                      00128  IFDEF  SAVE_PRODH
000024                00129 BACKUP_PRODH    res TABLE_DEPTH
  0000                00130         GLOBAL  BACKUP_PRODH
                      00131  ENDIF
                      00132 
                      00133  IFDEF  SAVE_PRODL
000028                00134 BACKUP_PRODL    res TABLE_DEPTH
  0000                00135         GLOBAL  BACKUP_PRODL
                      00136  ENDIF
                      00137 
                      00138  IFDEF  SAVE_TBLPTRU
00002C                00139 BACKUP_TBLPTRU  res TABLE_DEPTH
  0000                00140         GLOBAL  BACKUP_TBLPTRU
                      00141  ENDIF
                      00142 
                      00143  IFDEF  SAVE_TBLPTRH
000030                00144 BACKUP_TBLPTRH  res TABLE_DEPTH
  0000                00145         GLOBAL  BACKUP_TBLPTRH
                      00146  ENDIF
                      00147 
                      00148  IFDEF  SAVE_TBLPTRL
000034                00149 BACKUP_TBLPTRL  res TABLE_DEPTH
  0000                00150         GLOBAL  BACKUP_TBLPTRL
                      00151  ENDIF
                      00152 
                      00153  IFDEF  SAVE_TABLAT
000038                00154 BACKUP_TABLAT   res TABLE_DEPTH
  0000                00155         GLOBAL  BACKUP_TABLAT
                      00156  ENDIF
                      00157 
                      00158  IFDEF  SAVE_FSR2L              
00003C                00159 BACKUP_FSR2L    res TABLE_DEPTH
  0000                00160         GLOBAL  BACKUP_FSR2L
                      00161  ENDIF
MPASM 03.00 Released          STARTUP.ASM   1-21-2002  10:03:15         PAGE  7


LOC  OBJECT CODE     LINE SOURCE TEXT
  VALUE

                      00162 
                      00163  IFDEF  SAVE_FSR2H              
000040                00164 BACKUP_FSR2H    res TABLE_DEPTH
  0000                00165         GLOBAL  BACKUP_FSR2H
                      00166  ENDIF
                      00167 ; *******************************************************************
                      00033         #include <macroins.inc>
                      00001 ; *****************************************************************************
                      00002 ; Some common macros for Golden Gate by Ross Fosler     
                      00003 ; v1.00         01/05/01
                      00004 ;
                      00005 ;       brset   MYFILE, MYBIT, MYBANK, WHERE    ; Bit tests
                      00006 ;       brclr   MYFILE, MYBIT, MYBANK, WHERE
                      00007 ;
                      00008 ;       cffblt  MYFILE1, MYFILE2, MYBANK, WHERE ; Compare file w/ file
                      00009 ;       cffbgt  MYFILE1, MYFILE2, MYBANK, WHERE
                      00010 ;       cffbeq  MYFILE1, MYFILE2, MYBANK, WHERE
                      00011 ;       cffbne  MYFILE1, MYFILE2, MYBANK, WHERE
                      00012 ;
                      00013 ;       cflblt  MYFILE1, MYLIT1, MYBANK, WHERE  ; Compare file w/ literal
                      00014 ;       cflbgt  MYFILE1, MYLIT1, MYBANK, WHERE
                      00015 ;       cflbeq  MYFILE1, MYLIT1, MYBANK, WHERE
                      00016 ;       cflbne  MYFILE1, MYLIT1, MYBANK, WHERE
                      00017 ; 
                      00018 ;       movlf   MYLIT, MYFILE, MYBANK           ; Move literal to file
                      00019 ;       addff   MYFILE1, MYFILE2, MYDIRECTION, MYBANK   ; Add file to file
                      00020 ;       addfl   MYFILE1, MYLIT1, MYDIRECTION, MYBANK    ; Add file to literal
                      00021 ;       andff   MYFILE1, MYFILE2, MYDIRECTION, MYBANK   ; And file to file
                      00022 ;       andfl   MYFILE1, MYLIT1, MYDIRECTION, MYBANK    ; And file to literal
                      00023 ;       iorff   MYFILE1, MYFILE2, MYDIRECTION, MYBANK   ; Ior file to file
                      00024 ;       iorfl   MYFILE1, MYLIT1, MYDIRECTION, MYBANK    ; Ior file to literal
                      00025 ;       xorff   MYFILE1, MYFILE2, MYDIRECTION, MYBANK   ; Xor file to file
                      00026 ;       xorfl   MYFILE1, MYLIT1, MYDIRECTION, MYBANK    ; Xor file to literal
                      00027 ;
                      00028 ; *****************************************************************************
                      00029 
                      00030 
                      00031 ; *****************************************************************************
  00000000            00032 W       equ     0       ; To WREG
  00000001            00033 F       equ     1       ; To FILE
  00000000            00034 A       equ     0       ; Use Access Bank
  00000001            00035 B       equ     1       ; Use BSR
  00000FF4            00036 WREG2   equ     PRODH
  00000FF3            00037 WREG3   equ     PRODL
                      00038 ; *****************************************************************************
                      00039 
                      00040 
                      00041 ; *** Common Branch Instructions **********************************************
                      00042 ; Notes:        W is destroyed except for brset and brclr.
                      00043 ;               All branching is limited to 7 bits in either direction of the 
                      00044 ;               PC, thus these branch instructions cannot reach all memory.
                      00045 
                      00046 
MPASM 03.00 Released          STARTUP.ASM   1-21-2002  10:03:15         PAGE  8


LOC  OBJECT CODE     LINE SOURCE TEXT
  VALUE

                      00047 ; *****************************************************************
                      00048 ; *** BRanch if bit is SET                                      
                      00049 brset   macro   MYFILE, MYBIT, MYBANK, WHERE
                      00050         btfsc   MYFILE, MYBIT, MYBANK
                      00051         bra     WHERE
                      00052         endm
                      00053 ; *** BRanch if bit is CLeaR            
                      00054 brclr   macro   MYFILE, MYBIT, MYBANK, WHERE
                      00055         btfss   MYFILE, MYBIT, MYBANK
                      00056         bra     WHERE
                      00057         endm
                      00058 ; *****************************************************************
                      00059 
                      00060 
                      00061 ; *****************************************************************
                      00062 ; *** Compare File with File and Branch if Less Than    
                      00063 ; *** IF F1 < F2 THEN branch                            
                      00064 cffblt  macro   MYFILE1, MYFILE2, MYBANK, WHERE
                      00065         movf    MYFILE2, W, MYBANK
                      00066         subwf   MYFILE1, W, MYBANK
                      00067         bn      WHERE
                      00068         endm
                      00069 
                      00070 ; *** Compare File with File and Branch if Greater Than         
                      00071 ; *** IF F1 > F2 THEN branch                            
                      00072 cffbgt  macro   MYFILE1, MYFILE2, MYBANK, WHERE
                      00073         movf    MYFILE1, W, MYBANK
                      00074         subwf   MYFILE2, W, MYBANK
                      00075         bn      WHERE
                      00076         endm
                      00077 
                      00078 ; *** Compare File with File and Branch if EQual        
                      00079 ; *** IF F1 = F2 THEN branch                            
                      00080 cffbeq  macro   MYFILE1, MYFILE2, MYBANK, WHERE
                      00081         movf    MYFILE1, W, MYBANK
                      00082         subwf   MYFILE2, W, MYBANK
                      00083         bz      WHERE
                      00084         endm
                      00085 
                      00086 ; *** Compare File with File and Branch if Not Equal    
                      00087 ; *** IF F1 <> F2 THEN branch                           
                      00088 cffbne  macro   MYFILE1, MYFILE2, MYBANK, WHERE
                      00089         movf    MYFILE1, W, MYBANK
                      00090         subwf   MYFILE2, W, MYBANK
                      00091         bnz     WHERE
                      00092         endm
                      00093 ; *****************************************************************
                      00094 
                      00095 
                      00096 ; *****************************************************************
                      00097 ; *** Compare File with Literal and Branch if Less Than 
                      00098 ; *** IF F1 < L1 THEN branch                            
                      00099 cflblt  macro   MYFILE1, MYLIT1, MYBANK, WHERE
MPASM 03.00 Released          STARTUP.ASM   1-21-2002  10:03:15         PAGE  9


LOC  OBJECT CODE     LINE SOURCE TEXT
  VALUE

                      00100         movlw   MYLIT1
                      00101         subwf   MYFILE1, W, MYBANK
                      00102         bn      WHERE
                      00103         endm
                      00104 
                      00105 ; *** Compare File with Literal and Branch if Greater Than
                      00106 ; *** IF F1 > L1 THEN branch                            
                      00107 cflbgt  macro   MYFILE1, MYLIT1, MYBANK, WHERE
                      00108         movf    MYFILE1, W, MYBANK
                      00109         sublw   MYLIT1
                      00110         bn      WHERE
                      00111         endm
                      00112 
                      00113 ; *** Compare File with Literal and Branch if EQual     
                      00114 ; *** IF F1 = L1 THEN branch                            
                      00115 cflbeq  macro   MYFILE1, MYLIT1, MYBANK, WHERE
                      00116         movf    MYFILE1, W, MYBANK
                      00117         sublw   MYLIT1
                      00118         bz      WHERE
                      00119         endm
                      00120 
                      00121 ; *** Compare File with Literal and Branch if Not Equal 
                      00122 ; *** IF F1 <> L1 THEN branch                           
                      00123 cflbne  macro   MYFILE1, MYLIT1, MYBANK, WHERE
                      00124         movf    MYFILE1, W, MYBANK
                      00125         sublw   MYLIT1
                      00126         bnz     WHERE
                      00127         endm
                      00128 ; *****************************************************************
                      00129 
                      00130 ; *****************************************************************************
                      00131 
                      00132 
                      00133 
                      00134 ; *** Other Instructions ******************************************************
                      00135 
                      00136 ; *** MOVe Literal to File ****************************************                             
                      00137 ; Notes:        W is destroyed in this macro.
                      00138 movlf   macro   MYLIT, MYFILE, MYBANK
                      00139         movlw   MYLIT
                      00140         movwf   MYFILE, MYBANK
                      00141         endm
                      00142 ; *****************************************************************
                      00143 
                      00144 
                      00145 ; *** ADD File to File ********************************************
                      00146 ; Notes:        Direction selects either the WREG or FILE1.
                      00147 ;               W is destroyed in this macro.
                      00148 addff   macro   MYFILE1, MYFILE2, MYDIRECTION, MYBANK
                      00149         movf    MYFILE2, W, MYBANK
                      00150         addwf   MYFILE1, MYDIRECTION, MYBANK
                      00151         endm
                      00152 ; *****************************************************************
MPASM 03.00 Released          STARTUP.ASM   1-21-2002  10:03:15         PAGE 10


LOC  OBJECT CODE     LINE SOURCE TEXT
  VALUE

                      00153 
                      00154 
                      00155 ; *** ADD File to Literal *****************************************
                      00156 ; Notes:        Direction selects either the WREG or FILE1.
                      00157 ;               W is destroyed in this macro.
                      00158 addfl   macro   MYFILE1, MYLIT1, MYDIRECTION, MYBANK
                      00159         movlw   MYLIT1
                      00160         addwf   MYFILE1, MYDIRECTION, MYBANK
                      00161         endm
                      00162 ; *****************************************************************
                      00163 
                      00164 
                      00165 ; *** AND File to File ********************************************
                      00166 ; Notes:        Direction selects either the WREG or FILE1.
                      00167 ;               W is destroyed in this macro.
                      00168 andff   macro   MYFILE1, MYFILE2, MYDIRECTION, MYBANK
                      00169         movf    MYFILE2, W, MYBANK
                      00170         andwf   MYFILE1, MYDIRECTION, MYBANK
                      00171         endm
                      00172 ; *****************************************************************
                      00173 
                      00174 
                      00175 ; *** AND File to Literal *****************************************
                      00176 ; Notes:        Direction selects either the WREG or FILE1.
                      00177 ;               W is destroyed in this macro.
                      00178 andfl   macro   MYFILE1, MYLIT1, MYDIRECTION, MYBANK
                      00179         movlw   MYLIT1
                      00180         andwf   MYFILE1, MYDIRECTION, MYBANK
                      00181         endm
                      00182 ; *****************************************************************
                      00183 
                      00184 
                      00185 ; *** Inclusive OR File to File ***********************************
                      00186 ; Notes:        Direction selects either the WREG or FILE1.
                      00187 ;               W is destroyed in this macro.
                      00188 iorff   macro   MYFILE1, MYFILE2, MYDIRECTION, MYBANK
                      00189         movf    MYFILE2, W, MYBANK
                      00190         iorwf   MYFILE1, MYDIRECTION, MYBANK
                      00191         endm
                      00192 ; *****************************************************************
                      00193 
                      00194 
                      00195 ; *** Inclusive OR File to Literal ********************************
                      00196 ; Notes:        Direction selects either the WREG or FILE1.
                      00197 ;               W is destroyed in this macro.
                      00198 iorfl   macro   MYFILE1, MYLIT1, MYDIRECTION, MYBANK
                      00199         movlw   MYLIT1
                      00200         iorwf   MYFILE1, MYDIRECTION, MYBANK
                      00201         endm
                      00202 ; *****************************************************************
                      00203 
                      00204 
                      00205 ; *** XOR File to File ********************************************
MPASM 03.00 Released          STARTUP.ASM   1-21-2002  10:03:15         PAGE 11


LOC  OBJECT CODE     LINE SOURCE TEXT
  VALUE

                      00206 ; Notes:        Direction selects either the WREG or FILE1.
                      00207 ;               W is destroyed in this macro.
                      00208 xorff   macro   MYFILE1, MYFILE2, MYDIRECTION, MYBANK
                      00209         movf    MYFILE2, W, MYBANK
                      00210         xorwf   MYFILE1, MYDIRECTION, MYBANK
                      00211         endm
                      00212 ; *****************************************************************
                      00213 
                      00214 
                      00215 ; *** XOR File to Literal *****************************************
                      00216 ; Notes:        Direction selects either the WREG or FILE1.
                      00217 ;               W is destroyed in this macro.
                      00218 xorfl   macro   MYFILE1, MYLIT1, MYDIRECTION, MYBANK
                      00219         movlw   MYLIT1
                      00220         xorwf   MYFILE1, MYDIRECTION, MYBANK
                      00221         endm
                      00222 ; *****************************************************************
                      00223 
                      00224 
                      00225 
                      00226 ; *****************************************************************************
                      00034 ; *******************************************************************
                      00035 
                      00036 TEST    CODE    0x00
000000 D0FF           00037         bra     0x200   
                      00038 TEST2   CODE    0x08
000008 D0FF           00039         bra     0x208
                      00040 
                      00041 ; *******************************************************************
                      00042 STRT    CODE    0x0200
000200 EF?? F???      00043         goto    TMSetup
                      00044 
                      00045 INT     CODE    0x0208
000208 EF?? F???      00046         goto    TaskManager
                      00047 ; *******************************************************************
                      00048 
                      00049 
                      00050 ; *******************************************************************
                      00051 STP     CODE
                      00052 ; *******************************************************************
                      00053 ;This routine sets up all important registers for PIC OS2 to run
                      00054 ;properly.
                      00055 
000000                00056 TMSetup 
                      00057  IFDEF  SETUP_NAME
000000 EC?? F???      00058         call    SETUP_NAME              ; Do some user setup
                      00059  ENDIF
                      00060 
                      00061 
000004 0E04           00062         movlw   TIMER_PRESCALE          ; Set Prescaler 
000006 6ED5           00063         movwf   T0CON, A
000008 8CD5           00064         bsf     T0CON, T08BIT, A        ; Force 8-bit mode      
00000A 8ED5           00065         bsf     T0CON, TMR0ON, A        ; Turn TMR0 on
MPASM 03.00 Released          STARTUP.ASM   1-21-2002  10:03:15         PAGE 12


LOC  OBJECT CODE     LINE SOURCE TEXT
  VALUE

                      00066 
00000C 6A00           00067         clrf    TASK_POINTER, A         ; Init the important registers
00000E 6A00           00068         clrf    TABLE_POINTER, A
000010 6A00           00069         clrf    TASK_COMMAND, A
000012 6A00           00070         clrf    TASK_BUFFER, A
000014 6A00           00071         clrf    TASK_COUNTER, A
                      00072 
000016 0E01           00073         movlw   TASK1                   ; Prime the task table
000018 CFE8 F???      00074         movff   WREG, TASK_TABLE
00001C 0E08           00075         movlw   TASK2
00001E CFE8 F???      00076         movff   WREG, TASK_TABLE + 1
000022 0E10           00077         movlw   TASK3
000024 CFE8 F???      00078         movff   WREG, TASK_TABLE + 2
000028 0E18           00079         movlw   TASK4
00002A CFE8 F???      00080         movff   WREG, TASK_TABLE + 3
                      00081 
                      00082  IFDEF  TASK1_NAME                      ; Seed task1
00002E C??? FFFC      00083         movff   TASK_TABLE, STKPTR
000032 0E??           00084         movlw   low TASK1_NAME          
000034 6EFD           00085         movwf   TOSL, A
000036 0E??           00086         movlw   high TASK1_NAME
000038 6EFE           00087         movwf   TOSH, A
00003A 6AFF           00088         clrf    TOSU, A
00003C 2A00           00089         incf    TASK_COUNTER, F, A
                      00090  ENDIF
                      00091 
                      00092  IFDEF  TASK2_NAME                      ; Seed task2
00003E C??? FFFC      00093         movff   TASK_TABLE+1, STKPTR 
000042 0E??           00094         movlw   low TASK2_NAME          
000044 6EFD           00095         movwf   TOSL, A
000046 0E??           00096         movlw   high TASK2_NAME
000048 6EFE           00097         movwf   TOSH, A
00004A 6AFF           00098         clrf    TOSU, A
00004C 2A00           00099         incf    TASK_COUNTER, F, A
                      00100  ENDIF
                      00101 
                      00102  IFDEF  TASK3_NAME                      ; Seed task3
                      00103         movff   TASK_TABLE+2, STKPTR
                      00104         movlw   low TASK3_NAME          
                      00105         movwf   TOSL, A
                      00106         movlw   high TASK3_NAME
                      00107         movwf   TOSH, A
                      00108         clrf    TOSU, A
                      00109         incf    TASK_COUNTER, F, A
                      00110  ENDIF
                      00111 
                      00112  IFDEF  TASK4_NAME                      ; Seed task4
                      00113         movff   TASK_TABLE+3, STKPTR
                      00114         movlw   low TASK4_NAME          
                      00115         movwf   TOSL, A
                      00116         movlw   high TASK4_NAME
                      00117         movwf   TOSH, A
                      00118         clrf    TOSU, A
MPASM 03.00 Released          STARTUP.ASM   1-21-2002  10:03:15         PAGE 13


LOC  OBJECT CODE     LINE SOURCE TEXT
  VALUE

                      00119         incf    TASK_COUNTER, F, A
                      00120  ENDIF
                      00121 
00004E 0E01           00122         movlw   TASK1                   ; Reset the stack pointer
000050 6EFC           00123         movwf   STKPTR, A
                      00124         
000052 0E??           00125         movlw   high TASK_INFO_TABLE    ; Setup priority
000054 6EEA           00126         movwf   FSR0H
000056 0E??           00127         movlw   low TASK_INFO_TABLE
000058 6EE9           00128         movwf   FSR0L
                      00129         
00005A 0EFC           00130         movlw   ((TASK1_TIME * 4) + 0x00)                       
00005C 6EEE           00131         movwf   POSTINC0, A
00005E 0E09           00132         movlw   ((TASK2_TIME * 4) + 0x01)       
000060 6EEE           00133         movwf   POSTINC0, A             
000062 0E02           00134         movlw   ((TASK3_TIME * 4) + 0x02)
000064 6EEE           00135         movwf   POSTINC0, A
000066 0E03           00136         movlw   ((TASK4_TIME * 4) + 0x03)
000068 6EEE           00137         movwf   POSTINC0, A
                      00138 
00006A 0E3F           00139         movlw   TASK1_TIME              ; Init the timer
00006C 1CE8           00140         comf    WREG, W, A
00006E 90E8           00141         bcf     WREG, 0, A
000070 92E8           00142         bcf     WREG, 1, A
000072 6ED6           00143         movwf   TMR0L, A
                      00144 
000074 9ED0           00145         bcf     RCON, IPEN, A           ; No priority levels
000076 8AF2           00146         bsf     INTCON, TMR0IE, A       ; Enable timer 0 interrupt
000078 8EF2           00147         bsf     INTCON, GIE, A          ; Enable global interrupts
                      00148 
00007A 0012           00149         return  0
                      00150 ; *******************************************************************
                      00151 
                      00152         END
MPASM 03.00 Released          STARTUP.ASM   1-21-2002  10:03:15         PAGE 14


SYMBOL TABLE
  LABEL                             VALUE 

A                                 00000000
ACCESS                            00000000
ACKDT                             00000005
ACKEN                             00000004
ACKSTAT                           00000006
ADCON0                            00000FC2
ADCON1                            00000FC1
ADCS0                             00000006
ADCS1                             00000007
ADCS2                             00000006
ADDEN                             00000003
ADFM                              00000007
ADIE                              00000006
ADIF                              00000006
ADIP                              00000006
ADON                              00000000
ADRESH                            00000FC4
ADRESL                            00000FC3
ALT_FSR2H                         00000006
ALT_FSR2L                         00000005
ALT_STATUS                        00000004
ALT_W0                            00000003
AN0                               00000000
AN1                               00000001
AN2                               00000002
AN3                               00000003
AN4                               00000005
AN5                               00000000
AN6                               00000001
AN7                               00000002
B                                 00000001
BACKUP_BSR                        00000010
BACKUP_FSR0H                      00000018
BACKUP_FSR0L                      00000014
BACKUP_FSR1H                      00000020
BACKUP_FSR1L                      0000001C
BACKUP_FSR2H                      00000040
BACKUP_FSR2L                      0000003C
BACKUP_PRODH                      00000024
BACKUP_PRODL                      00000028
BACKUP_STATUS                     00000008
BACKUP_TABLAT                     00000038
BACKUP_TBLPTRH                    00000030
BACKUP_TBLPTRL                    00000034
BACKUP_TBLPTRU                    0000002C
BACKUP_WREG                       00000004
BANKED                            00000001
BCLIE                             00000003
BCLIF                             00000003
BCLIP                             00000003
BF                                00000000
BOR                               00000000
BRGH                              00000002
MPASM 03.00 Released          STARTUP.ASM   1-21-2002  10:03:15         PAGE 15


SYMBOL TABLE
  LABEL                             VALUE 

BSR                               00000FE0
C                                 00000000
CCP1                              00000002
CCP1CON                           00000FBD
CCP1IE                            00000002
CCP1IF                            00000002
CCP1IP                            00000002
CCP1M0                            00000000
CCP1M1                            00000001
CCP1M2                            00000002
CCP1M3                            00000003
CCP1X                             00000005
CCP1Y                             00000004
CCP2                              00000001
CCP2A                             00000003
CCP2CON                           00000FBA
CCP2IE                            00000000
CCP2IF                            00000000
CCP2IP                            00000000
CCP2M0                            00000000
CCP2M1                            00000001
CCP2M2                            00000002
CCP2M3                            00000003
CCP2X                             00000005
CCP2Y                             00000004
CCPR1H                            00000FBF
CCPR1L                            00000FBE
CCPR2H                            00000FBC
CCPR2L                            00000FBB
CHS0                              00000003
CHS1                              00000004
CHS2                              00000005
CK                                00000006
CKE                               00000006
CKP                               00000004
CLKO                              00000006
CLRW                              CLRF WREG
CREN                              00000004
CS                                00000002
CSRC                              00000007
D                                 00000005
DATA_ADDRESS                      00000005
DC                                00000001
DC1B0                             00000004
DC1B1                             00000005
DC2B0                             00000004
DC2B1                             00000005
DDRA                              TRISA
DDRB                              TRISB
DDRC                              TRISC
DDRD                              TRISD
DDRE                              TRISE
DONE                              00000002
MPASM 03.00 Released          STARTUP.ASM   1-21-2002  10:03:15         PAGE 16


SYMBOL TABLE
  LABEL                             VALUE 

D_A                               00000005
F                                 00000001
FAST                              00000001
FERR                              00000002
FSR0                              00000000
FSR0H                             00000FEA
FSR0L                             00000FE9
FSR1                              00000001
FSR1H                             00000FE2
FSR1L                             00000FE1
FSR2                              00000002
FSR2H                             00000FDA
FSR2L                             00000FD9
GCEN                              00000007
GIE                               00000007
GIEH                              00000007
GIEL                              00000006
GO                                00000002
GO_DONE                           00000002
I2C_DAT                           00000005
I2C_READ                          00000002
I2C_START                         00000003
I2C_STOP                          00000004
IBF                               00000007
IBOV                              00000005
INDF0                             00000FEF
INDF1                             00000FE7
INDF2                             00000FDF
INT0                              00000000
INT0E                             00000004
INT0F                             00000001
INT0IE                            00000004
INT0IF                            00000001
INT1                              00000001
INT1IE                            00000003
INT1IF                            00000000
INT1IP                            00000006
INT2                              00000002
INT2IE                            00000004
INT2IF                            00000001
INT2IP                            00000007
INTCON                            00000FF2
INTCON1                           00000FF2
INTCON2                           00000FF1
INTCON3                           00000FF0
INTEDG0                           00000006
INTEDG1                           00000005
INTEDG2                           00000004
IPEN                              00000007
IPR1                              00000F9F
IPR2                              00000FA2
IRVST                             00000005
LATA                              00000F89
MPASM 03.00 Released          STARTUP.ASM   1-21-2002  10:03:15         PAGE 17


SYMBOL TABLE
  LABEL                             VALUE 

LATB                              00000F8A
LATC                              00000F8B
LATD                              00000F8C
LATE                              00000F8D
LCALL                             CALL
LFSR_BUG                          
LGOTO                             GOTO
LVDCON                            00000FD2
LVDEN                             00000004
LVDIE                             00000002
LVDIF                             00000002
LVDIN                             00000005
LVDIP                             00000002
LVDL0                             00000000
LVDL1                             00000001
LVDL2                             00000002
LVDL3                             00000003
LWRT                              00000006
MOVFP                             MOVFF
MOVPF                             MOVFF
N                                 00000004
NEGW                              NEGF WREG
NOT_A                             00000005
NOT_ADDRESS                       00000005
NOT_BOR                           00000000
NOT_DONE                          00000002
NOT_PD                            00000002
NOT_POR                           00000001
NOT_RBPU                          00000007
NOT_RC8                           00000006
NOT_RI                            00000004
NOT_T1SYNC                        00000002
NOT_T3SYNC                        00000002
NOT_TO                            00000003
NOT_TX8                           00000006
NOT_W                             00000002
NOT_WRITE                         00000002
OBF                               00000006
OERR                              00000001
OSC2                              00000006
OSCCON                            00000FD3
OV                                00000003
P                                 00000004
PCFG0                             00000000
PCFG1                             00000001
PCFG2                             00000002
PCFG3                             00000003
PCL                               00000FF9
PCLATH                            00000FFA
PCLATU                            00000FFB
PD                                00000002
PEIE                              00000006
PEN                               00000002
MPASM 03.00 Released          STARTUP.ASM   1-21-2002  10:03:15         PAGE 18


SYMBOL TABLE
  LABEL                             VALUE 

PIE1                              00000F9D
PIE2                              00000FA0
PIR1                              00000F9E
PIR2                              00000FA1
PLUSW0                            00000FEB
PLUSW1                            00000FE3
PLUSW2                            00000FDB
POR                               00000001
PORTA                             00000F80
PORTB                             00000F81
PORTC                             00000F82
PORTD                             00000F83
PORTE                             00000F84
POSTDEC0                          00000FED
POSTDEC1                          00000FE5
POSTDEC2                          00000FDD
POSTINC0                          00000FEE
POSTINC1                          00000FE6
POSTINC2                          00000FDE
PR2                               00000FCB
PREINC0                           00000FEC
PREINC1                           00000FE4
PREINC2                           00000FDC
PROC_INCLUDE                      P18C452.INC
PRODH                             00000FF4
PRODL                             00000FF3
PSA                               00000003
PSP0                              00000000
PSP1                              00000001
PSP2                              00000002
PSP3                              00000003
PSP4                              00000004
PSP5                              00000005
PSP6                              00000006
PSP7                              00000007
PSPIE                             00000007
PSPIF                             00000007
PSPIP                             00000007
PSPMODE                           00000004
R                                 00000002
RA0                               00000000
RA1                               00000001
RA2                               00000002
RA3                               00000003
RA4                               00000004
RA5                               00000005
RA6                               00000006
RB0                               00000000
RB1                               00000001
RB2                               00000002
RB3                               00000003
RB4                               00000004
RB5                               00000005
MPASM 03.00 Released          STARTUP.ASM   1-21-2002  10:03:15         PAGE 19


SYMBOL TABLE
  LABEL                             VALUE 

RB6                               00000006
RB7                               00000007
RBIE                              00000003
RBIF                              00000000
RBIP                              00000000
RBPU                              00000007
RC0                               00000000
RC1                               00000001
RC2                               00000002
RC3                               00000003
RC4                               00000004
RC5                               00000005
RC6                               00000006
RC7                               00000007
RC8_9                             00000006
RC9                               00000006
RCD8                              00000000
RCEN                              00000003
RCIE                              00000005
RCIF                              00000005
RCIP                              00000005
RCON                              00000FD0
RCREG                             00000FAE
RCSTA                             00000FAB
RD                                00000000
RD0                               00000000
RD1                               00000001
RD16                              00000007
RD2                               00000002
RD3                               00000003
RD4                               00000004
RD5                               00000005
RD6                               00000006
RD7                               00000007
RE0                               00000000
RE1                               00000001
RE2                               00000002
READ_WRITE                        00000002
RI                                00000004
RSEN                              00000001
RX                                00000007
RX9                               00000006
RX9D                              00000000
R_W                               00000002
S                                 00000003
SAVE_BSR                          
SAVE_FSR0H                        
SAVE_FSR0L                        
SAVE_FSR1H                        
SAVE_FSR1L                        
SAVE_FSR2H                        
SAVE_FSR2L                        
SAVE_PRODH                        
MPASM 03.00 Released          STARTUP.ASM   1-21-2002  10:03:15         PAGE 20


SYMBOL TABLE
  LABEL                             VALUE 

SAVE_PRODL                        
SAVE_TABLAT                       
SAVE_TBLPTRH                      
SAVE_TBLPTRL                      
SAVE_TBLPTRU                      
SCK                               00000003
SCL                               00000003
SCS                               00000000
SDA                               00000004
SDI                               00000004
SDO                               00000005
SEN                               00000000
SETUP_NAME                        Setup
SMP                               00000007
SPBRG                             00000FAF
SPEN                              00000007
SREN                              00000005
SS                                00000005
SSPADD                            00000FC8
SSPBUF                            00000FC9
SSPCON1                           00000FC6
SSPCON2                           00000FC5
SSPEN                             00000005
SSPIE                             00000003
SSPIF                             00000003
SSPIP                             00000003
SSPM0                             00000000
SSPM1                             00000001
SSPM2                             00000002
SSPM3                             00000003
SSPOV                             00000006
SSPSTAT                           00000FC7
STATUS                            00000FD8
STKFUL                            00000007
STKPTR                            00000FFC
STKUNF                            00000006
SWDTEN                            00000000
SYNC                              00000004
Setup                             00000000
T08BIT                            00000006
T0CKI                             00000004
T0CON                             00000FD5
T0CS                              00000005
T0IE                              00000005
T0IF                              00000002
T0IP                              00000002
T0PS0                             00000000
T0PS1                             00000001
T0PS2                             00000002
T0SE                              00000004
T1CKI                             00000000
T1CKPS0                           00000004
T1CKPS1                           00000005
MPASM 03.00 Released          STARTUP.ASM   1-21-2002  10:03:15         PAGE 21


SYMBOL TABLE
  LABEL                             VALUE 

T1CON                             00000FCD
T1INSYNC                          00000002
T1OSCEN                           00000003
T1OSI                             00000001
T1OSO                             00000000
T1SYNC                            00000002
T2CKPS0                           00000000
T2CKPS1                           00000001
T2CON                             00000FCA
T3CCP1                            00000003
T3CCP2                            00000006
T3CKPS0                           00000004
T3CKPS1                           00000005
T3CON                             00000FB1
T3INSYNC                          00000002
T3SYNC                            00000002
TABLAT                            00000FF5
TABLE_DEPTH                       00000004
TABLE_POINTER                     00000001
TASK1                             0x01
TASK1_NAME                        Task1
TASK1_TIME                        0x3F
TASK2                             0x08
TASK2_NAME                        Task2
TASK2_TIME                        0x02
TASK3                             0x10
TASK3_TIME                        0x00
TASK4                             0x18
TASK4_TIME                        0x00
TASK_BUFFER                       00000008
TASK_COMMAND                      00000007
TASK_COUNTER                      00000002
TASK_INFO_TABLE                   0000000C
TASK_POINTER                      00000000
TASK_TABLE                        00000000
TBLPTRH                           00000FF7
TBLPTRL                           00000FF6
TBLPTRU                           00000FF8
TIMER_PRESCALE                    0x04
TMR0H                             00000FD7
TMR0IE                            00000005
TMR0IF                            00000002
TMR0IP                            00000002
TMR0L                             00000FD6
TMR0ON                            00000007
TMR1CS                            00000001
TMR1H                             00000FCF
TMR1IE                            00000000
TMR1IF                            00000000
TMR1IP                            00000000
TMR1L                             00000FCE
TMR1ON                            00000000
TMR2                              00000FCC
MPASM 03.00 Released          STARTUP.ASM   1-21-2002  10:03:15         PAGE 22


SYMBOL TABLE
  LABEL                             VALUE 

TMR2IE                            00000001
TMR2IF                            00000001
TMR2IP                            00000001
TMR2ON                            00000002
TMR3CS                            00000001
TMR3H                             00000FB3
TMR3IE                            00000001
TMR3IF                            00000001
TMR3IP                            00000001
TMR3L                             00000FB2
TMR3ON                            00000000
TMSetup                           00000000
TO                                00000003
TOSH                              00000FFE
TOSL                              00000FFD
TOSU                              00000FFF
TOUTPS0                           00000003
TOUTPS1                           00000004
TOUTPS2                           00000005
TOUTPS3                           00000006
TRISA                             00000F92
TRISB                             00000F93
TRISC                             00000F94
TRISD                             00000F95
TRISE                             00000F96
TRISE0                            00000000
TRISE1                            00000001
TRISE2                            00000002
TRMT                              00000001
TX                                00000006
TX8_9                             00000006
TX9                               00000006
TX9D                              00000000
TXD8                              00000000
TXEN                              00000005
TXIE                              00000004
TXIF                              00000004
TXIP                              00000004
TXREG                             00000FAD
TXSTA                             00000FAC
Task1                             00000000
Task2                             00000000
TaskManager                       00000000
UA                                00000001
VREFM                             00000002
VREFP                             00000003
W                                 00000000
WCOL                              00000007
WDTCON                            00000FD1
WR                                00000001
WREG                              00000FE8
WREG2                             00000FF4
WREG3                             00000FF3
MPASM 03.00 Released          STARTUP.ASM   1-21-2002  10:03:15         PAGE 23


SYMBOL TABLE
  LABEL                             VALUE 

Z                                 00000002
_BORV_25_2                        000000FF
_BORV_27_2                        000000FB
_BORV_42_2                        000000F7
_BORV_45_2                        000000F3
_BOR_OFF_2                        000000FD
_BOR_ON_2                         000000FF
_CCP2MX_OFF_5                     000000FE
_CCP2MX_ON_5                      000000FF
_CONFIG0                          00300000
_CONFIG1                          00300001
_CONFIG2                          00300002
_CONFIG3                          00300003
_CONFIG4                          00300004
_CONFIG5                          00300005
_CONFIG6                          00300006
_CONFIG7                          00300007
_CP_OFF_0                         000000FF
_CP_ON_0                          00000000
_DEVID1                           003FFFFE
_DEVID2                           003FFFFF
_ECIO_OSC_1                       000000FD
_EC_OSC_1                         000000FC
_HSPLL_OSC_1                      000000FE
_HS_OSC_1                         000000FA
_IDLOC0                           00200000
_IDLOC1                           00200001
_IDLOC2                           00200002
_IDLOC3                           00200003
_IDLOC4                           00200004
_IDLOC5                           00200005
_IDLOC6                           00200006
_IDLOC7                           00200007
_LP_OSC_1                         000000F8
_OSCS_OFF_1                       000000FF
_OSCS_ON_1                        000000DF
_PWRT_OFF_2                       000000FF
_PWRT_ON_2                        000000FE
_RCIO_OSC_1                       000000FF
_RC_OSC_1                         000000FB
_STVR_OFF_6                       000000FE
_STVR_ON_6                        000000FF
_WDTPS_128_3                      000000FF
_WDTPS_16_3                       000000F9
_WDTPS_1_3                        000000F1
_WDTPS_2_3                        000000F3
_WDTPS_32_3                       000000FB
_WDTPS_4_3                        000000F5
_WDTPS_64_3                       000000FD
_WDTPS_8_3                        000000F7
_WDT_OFF_3                        000000FE
_WDT_ON_3                         000000FF
_XT_OSC_1                         000000F9
MPASM 03.00 Released          STARTUP.ASM   1-21-2002  10:03:15         PAGE 24


SYMBOL TABLE
  LABEL                             VALUE 

__18C452                          00000001
addff                             
addfl                             
andff                             
andfl                             
brclr                             
brset                             
cffbeq                            
cffbgt                            
cffblt                            
cffbne                            
cflbeq                            
cflbgt                            
cflblt                            
cflbne                            
clrw                              clrf WREG
iorff                             
iorfl                             
lcall                             call
lgoto                             goto
movfp                             movff
movlf                             
movpf                             movff
negw                              negf WREG
xorff                             
xorfl                             

Errors   :     0
Warnings :     0 reported,     0 suppressed
Messages :     0 reported,     0 suppressed

